// Jest Snapshot v1, https://goo.gl/fbAQLP

exports[`FetchingQuestionsPage tests should render error page if error 1`] = `
<body>
  <div>
    <div
      class="FlexBox__StyledBox-txfyk3-0 lgdOeB MuiBox-root css-329zn9"
    >
      <div>
        Failed to fetch questions, 
      </div>
      <button
        class="MuiButtonBase-root MuiButton-root MuiButton-text MuiButton-textPrimary MuiButton-sizeMedium MuiButton-textSizeMedium MuiButton-colorPrimary MuiButton-root MuiButton-text MuiButton-textPrimary MuiButton-sizeMedium MuiButton-textSizeMedium MuiButton-colorPrimary css-1e6y48t-MuiButtonBase-root-MuiButton-root"
        tabindex="0"
        type="button"
      >
        Try again!
        <span
          class="MuiTouchRipple-root css-8je8zh-MuiTouchRipple-root"
        />
      </button>
    </div>
  </div>
</body>
`;

exports[`FetchingQuestionsPage tests should render loader 1`] = `
<body>
  <div>
    <div
      class="Loading__StyledLoading-sc-1hxy68f-0 erMhjE"
      data-testid="loader"
    >
      <img
        alt="loading"
        src="loading.gif"
      />
    </div>
  </div>
</body>
`;
