// Jest Snapshot v1, https://goo.gl/fbAQLP

exports[`GamePage tests should render 1`] = `
<body>
  <div>
    <div
      class="FlexBox__StyledBox-txfyk3-0 lgdOeB MuiBox-root css-329zn9"
      style="opacity: 1;"
    >
      <h3>
        test
      </h3>
      <div
        class="GampePagestyled__AnswesContainer-sc-4idwn3-0 bMINnz"
      >
        <button
          class="MuiButtonBase-root MuiButton-root MuiButton-contained MuiButton-containedPrimary MuiButton-sizeMedium MuiButton-containedSizeMedium MuiButton-colorPrimary MuiButton-root MuiButton-contained MuiButton-containedPrimary MuiButton-sizeMedium MuiButton-containedSizeMedium MuiButton-colorPrimary css-sghohy-MuiButtonBase-root-MuiButton-root"
          tabindex="0"
          type="button"
        >
          True
          <span
            class="MuiTouchRipple-root css-8je8zh-MuiTouchRipple-root"
          />
        </button>
        <button
          class="MuiButtonBase-root MuiButton-root MuiButton-contained MuiButton-containedSecondary MuiButton-sizeMedium MuiButton-containedSizeMedium MuiButton-colorSecondary MuiButton-root MuiButton-contained MuiButton-containedSecondary MuiButton-sizeMedium MuiButton-containedSizeMedium MuiButton-colorSecondary css-zcbmsk-MuiButtonBase-root-MuiButton-root"
          tabindex="0"
          type="button"
        >
          False
          <span
            class="MuiTouchRipple-root css-8je8zh-MuiTouchRipple-root"
          />
        </button>
      </div>
    </div>
  </div>
</body>
`;
